// Jest Snapshot v1, https://goo.gl/fbAQLP

exports[`Header -> Snapshot -> Deve corresponder ao componente com as props default 1`] = `
<Text
  rest={
    Object {
      "testID": "HEADER_LABEL_TEST_ID",
    }
  }
  style={
    Array [
      Object {
        "color": "#FFF",
        "fontSize": 18,
        "marginBottom": 16,
        "opacity": 0.8,
        "textAlign": "center",
      },
      Object {
        "marginBottom": 16,
        "opacity": 0.8,
        "textAlign": "center",
      },
    ]
  }
  testID="LABEL_CONTAINER_TEST_ID"
>
  title
</Text>
`;

exports[`Header -> Snapshot -> Deve corresponder ao componente com as props mais utilizadas 1`] = `
<Text
  rest={
    Object {
      "testID": "HEADER_LABEL_TEST_ID",
    }
  }
  style={
    Array [
      Object {
        "color": "#FFF",
        "fontSize": 18,
        "marginBottom": 16,
        "opacity": 0.8,
        "textAlign": "center",
      },
      Object {
        "marginBottom": 16,
        "opacity": 0.8,
        "textAlign": "center",
      },
    ]
  }
  testID="LABEL_CONTAINER_TEST_ID"
>
  title
</Text>
`;
